2025-12-22 19:27:44,129 [  21597]   WARN - #c.i.o.u.r.RegistryValue - Attempt to load key 'indexing.filename.over.vfs' for not yet loaded registry
2025-12-22 19:27:46,576 [  24044]   WARN - #c.i.o.a.i.ActionManagerImpl - keymap "Visual Studio" not found PluginDescriptor(name=IDEA CORE, id=com.intellij, descriptorPath=plugin.xml, path=/usr/local/pycharm/lib, version=221.5787.24, package=null, isBundled=true)
2025-12-22 19:27:46,637 [  24105]   WARN - #c.i.o.a.i.ActionManagerImpl - keymap "Eclipse" not found PluginDescriptor(name=IDEA CORE, id=com.intellij, descriptorPath=plugin.xml, path=/usr/local/pycharm/lib, version=221.5787.24, package=null, isBundled=true)
2025-12-22 19:27:46,638 [  24106]   WARN - #c.i.o.a.i.ActionManagerImpl - keymap "NetBeans 6.5" not found PluginDescriptor(name=IDEA CORE, id=com.intellij, descriptorPath=plugin.xml, path=/usr/local/pycharm/lib, version=221.5787.24, package=null, isBundled=true)
2025-12-22 19:27:46,639 [  24107]   WARN - #c.i.o.a.i.ActionManagerImpl - keymap "Visual Studio" not found PluginDescriptor(name=IDEA CORE, id=com.intellij, descriptorPath=plugin.xml, path=/usr/local/pycharm/lib, version=221.5787.24, package=null, isBundled=true)
2025-12-22 19:27:47,409 [  24877]   WARN - #c.i.o.a.i.ActionManagerImpl - keymap "Eclipse" not found PluginDescriptor(name=Python Community Edition, id=PythonCore, descriptorPath=plugin.xml, path=/usr/local/pycharm/plugins/python-ce, version=221.5787.24, package=null, isBundled=true)
2025-12-22 19:27:47,410 [  24878]   WARN - #c.i.o.a.i.ActionManagerImpl - keymap "NetBeans 6.5" not found PluginDescriptor(name=Python Community Edition, id=PythonCore, descriptorPath=plugin.xml, path=/usr/local/pycharm/plugins/python-ce, version=221.5787.24, package=null, isBundled=true)
2025-12-22 19:27:47,596 [  25064]   WARN - #c.i.o.a.i.ActionManagerImpl - keymap "Eclipse" not found PluginDescriptor(name=GitHub, id=org.jetbrains.plugins.github, descriptorPath=plugin.xml, path=/usr/local/pycharm/plugins/github, version=221.5787.24, package=org.jetbrains.plugins.github, isBundled=true)
2025-12-22 19:27:47,668 [  25136]   WARN - #c.i.o.a.i.ActionManagerImpl - keymap "Eclipse" not found PluginDescriptor(name=Space, id=com.jetbrains.space, moduleName=intellij.space.vcs, descriptorPath=intellij.space.vcs.xml, path=/usr/local/pycharm/plugins/space, version=221.5787.24, package=com.intellij.space.vcs, isBundled=true)
2025-12-22 19:28:00,740 [  38208]   WARN - #c.i.n.i.NotificationGroupManagerImpl - Notification group CodeWithMe is already registered (group=com.intellij.notification.NotificationGroup@529ab013). Plugin descriptor: PluginDescriptor(name=Code With Me, id=com.jetbrains.codeWithMe, descriptorPath=plugin.xml, path=/usr/local/pycharm/plugins/cwm-plugin, version=221.5787.24, package=null, isBundled=true)
Info  | RdCoroutineScope          | 1:main          | RdCoroutineHost overridden 
2025-12-22 19:28:02,764 [  40232]   WARN - #c.i.d.PerformanceWatcherImpl - UI was frozen for 11802ms, details saved to /home/hduser/.cache/JetBrains/PyCharmCE2022.1/log/threadDumps-freeze-20251222-192755-PC-221.5787.24-11sec
2025-12-22 19:28:12,867 [  50335]   WARN - #c.i.o.a.i.ActionUpdater - 131 ms to call on EDT PyCharmNewProjectAction#update (com.jetbrains.python.newProject.PyCharmNewProjectAction). Use `UpdateInBackground`.
2025-12-22 19:28:13,456 [  50924]   WARN - #c.i.o.a.i.ActionUpdater - 139 ms to call on EDT OpenFileAction#update (com.intellij.ide.actions.OpenFileAction). Use `UpdateInBackground`.
2025-12-22 19:28:13,893 [  51361]   WARN - #c.i.o.a.i.ActionUpdater - 234 ms to call on EDT RecentProjectsGroup#update (com.intellij.ide.actions.RecentProjectsGroup). Use `UpdateInBackground`.
2025-12-22 19:28:14,296 [  51764]   WARN - #c.i.o.a.i.ActionUpdater - 236 ms to call on EDT CacheRecoveryActionGroup#getChildren (com.intellij.ide.actions.cache.CacheRecoveryActionGroup). Use `UpdateInBackground`.
2025-12-22 19:28:17,582 [  55050]   WARN - #c.i.o.a.i.ActionUpdater - 2944 ms to grab EDT for #update (com.intellij.ide.actions.cache.CacheRecoveryActionGroup$toAnAction$1)
2025-12-22 19:28:18,346 [  55814]   WARN - #c.i.o.a.i.ActionUpdater - 3182 ms total to grab EDT 20 times at 'MainMenu' to expand DefaultActionGroup. Use `UpdateInBackground`.
2025-12-22 19:28:18,369 [  55837]   WARN - #c.i.o.a.i.ActionUpdater - 4327 ms to call on BGT CopyReferencePopup#update (com.intellij.ide.actions.CopyReferencePopup)
2025-12-22 19:28:35,051 [  72519]   WARN - #c.i.d.PerformanceWatcherImpl - UI was frozen for 9484ms, details saved to /home/hduser/.cache/JetBrains/PyCharmCE2022.1/log/threadDumps-freeze-20251222-192830-PC-221.5787.24-9sec
2025-12-22 19:28:41,172 [  78640]   WARN - #c.i.o.a.i.ActionUpdater - 105 ms to call on EDT #getChildren (com.intellij.toolWindow.ToolWindowHeader$1). Use `UpdateInBackground`.
2025-12-22 19:28:51,443 [  88911]   WARN - #c.i.d.PerformanceWatcherImpl - UI was frozen for 14131ms, details saved to /home/hduser/.cache/JetBrains/PyCharmCE2022.1/log/threadDumps-freeze-20251222-192842-PC-221.5787.24-14sec
2025-12-22 19:29:10,671 [ 108139]   WARN - #c.i.o.a.i.ActionUpdater - 292 ms to grab EDT for RedoAction#update (com.intellij.ide.actions.RedoAction)
2025-12-22 19:29:12,070 [ 109538]   WARN - #c.i.o.a.i.ActionUpdater - 210 ms to grab EDT for SpaceCopyLinkActionGroup#update (com.intellij.space.vcs.SpaceCopyLinkActionGroup)
2025-12-22 19:29:12,085 [ 109553]   WARN - #c.i.o.a.i.ActionUpdater - 1543 ms to call on BGT WeighingNewActionGroup#getChildren (com.intellij.ide.actions.WeighingNewActionGroup)
2025-12-22 19:29:12,087 [ 109555]   WARN - #c.i.o.a.i.ActionUpdater - 1708 ms to call on BGT NewElementAction#update (com.intellij.ide.actions.NewElementAction)
2025-12-22 19:29:12,459 [ 109927]   WARN - #c.i.o.a.i.ActionUpdater - 376 ms to grab EDT for CopyReferenceAction#update (com.intellij.ide.actions.CopyReferenceAction)
2025-12-22 19:29:12,461 [ 109929]   WARN - #c.i.o.a.i.ActionUpdater - 365 ms to grab EDT for OpenFileAction#update (com.intellij.ide.actions.OpenFileAction)
2025-12-22 19:29:13,160 [ 110628]   WARN - #c.i.o.a.i.ActionUpdater - 292 ms to call on EDT JsonCopyPointerAction#update (com.intellij.json.editor.JsonCopyPointerAction). Use `UpdateInBackground`.
2025-12-22 19:29:13,348 [ 110816]   WARN - #c.i.o.a.i.ActionUpdater - 425 ms to grab EDT for RecentProjectsGroup#getChildren (com.intellij.ide.actions.RecentProjectsGroup)
2025-12-22 19:29:14,262 [ 111730]   WARN - #c.i.o.a.i.ActionUpdater - 216 ms to grab EDT for ShowHistoryAction#update (com.intellij.history.integration.ui.actions.ShowHistoryAction)
2025-12-22 19:29:14,612 [ 112080]   WARN - #c.i.o.a.i.ActionUpdater - 270 ms to grab EDT for ShowSelectionHistoryAction#update (com.intellij.history.integration.ui.actions.ShowSelectionHistoryAction)
2025-12-22 19:29:15,060 [ 112528]   WARN - #c.i.o.a.i.ActionUpdater - 441 ms to grab EDT for PutLabelAction#update (com.intellij.history.integration.ui.actions.PutLabelAction)
2025-12-22 19:29:15,061 [ 112529]   WARN - #c.i.o.a.i.ActionUpdater - 1017 ms to call on BGT LocalHistoryGroup#update (com.intellij.history.integration.ui.actions.LocalHistoryGroup)
2025-12-22 19:29:15,061 [ 112529]   WARN - #c.i.o.a.i.ActionUpdater - 353 ms to grab EDT for FindUsagesInFileAction#update (com.intellij.find.actions.FindUsagesInFileAction)
2025-12-22 19:29:15,567 [ 113035]   WARN - #c.i.o.a.i.ActionUpdater - 228 ms to grab EDT for CallSaulAction#update (com.intellij.ide.actions.cache.CallSaulAction)
2025-12-22 19:29:16,069 [ 113537]   WARN - #c.i.o.a.i.ActionUpdater - 487 ms to grab EDT for #update (com.intellij.ide.actions.cache.CacheRecoveryActionGroup$toAnAction$1)
2025-12-22 19:29:17,145 [ 114613]   WARN - #c.i.o.a.i.ActionUpdater - 499 ms to grab EDT for #update (com.intellij.ide.actions.cache.CacheRecoveryActionGroup$toAnAction$1)
2025-12-22 19:29:17,146 [ 114614]   WARN - #c.i.o.a.i.ActionUpdater - 454 ms to call on EDT ToggleBookmarkAction#update (com.intellij.ide.bookmark.actions.ToggleBookmarkAction). Use `UpdateInBackground`.
2025-12-22 19:29:18,188 [ 115656]   WARN - #c.i.o.a.i.ActionUpdater - 103 ms to call on EDT PrintAction#update (com.intellij.codeEditor.printing.PrintAction). Use `UpdateInBackground`.
2025-12-22 19:29:18,557 [ 116025]   WARN - #c.i.o.a.i.ActionUpdater - 356 ms to call on EDT DefaultCompactActionGroup#getChildren (com.intellij.openapi.actionSystem.DefaultCompactActionGroup). Use `UpdateInBackground`.
2025-12-22 19:29:20,597 [ 118065]   WARN - #c.i.o.a.i.ActionUpdater - 4974 ms total to grab EDT 33 times at 'MainMenu' to expand DefaultActionGroup. Use `UpdateInBackground`.
2025-12-22 19:29:28,175 [ 125643]   WARN - #c.i.o.a.i.ActionUpdater - 383 ms to grab EDT for PyCharmNewProjectAction#update (com.jetbrains.python.newProject.PyCharmNewProjectAction)
2025-12-22 19:29:30,263 [ 127731]   WARN - #c.i.o.a.i.ActionUpdater - 870 ms to grab EDT for DefaultCompactActionGroup#update (com.intellij.openapi.actionSystem.DefaultCompactActionGroup)
2025-12-22 19:29:30,265 [ 127733]   WARN - #c.i.o.a.i.ActionUpdater - 1610 ms to grab EDT for #update (com.intellij.ide.actions.cache.CacheRecoveryActionGroup$toAnAction$1)
2025-12-22 19:29:30,837 [ 128305]   WARN - #c.i.o.a.i.ActionUpdater - 570 ms to grab EDT for DefaultCompactActionGroup#getChildren (com.intellij.openapi.actionSystem.DefaultCompactActionGroup)
2025-12-22 19:29:30,838 [ 128306]   WARN - #c.i.o.a.i.ActionUpdater - 569 ms to grab EDT for InvalidateCachesAction#update (com.intellij.ide.actions.InvalidateCachesAction)
2025-12-22 19:29:31,106 [ 128574]   WARN - #c.i.o.a.i.ActionUpdater - 267 ms to grab EDT for ToolWindowsGroup#update (com.intellij.ide.actions.ToolWindowsGroup)
2025-12-22 19:29:31,107 [ 128575]   WARN - #c.i.o.a.i.ActionUpdater - 266 ms to grab EDT for ImportSettingsAction#update (com.intellij.configurationStore.ImportSettingsAction)
2025-12-22 19:29:32,135 [ 129603]   WARN - #c.i.o.a.i.ActionUpdater - 356 ms to grab EDT for GotoFileAction#update (com.intellij.ide.actions.GotoFileAction)
2025-12-22 19:29:32,892 [ 130360]   WARN - #c.i.o.a.i.ActionUpdater - 165 ms to call on EDT OpenInBrowserGroupAction#getChildren (com.intellij.ide.browsers.actions.OpenInBrowserBaseGroupAction$OpenInBrowserGroupAction). Use `UpdateInBackground`.
2025-12-22 19:29:33,457 [ 130925]   WARN - #c.i.o.a.i.ActionUpdater - 370 ms to grab EDT for CompareFileWithEditorAction#update (com.intellij.diff.actions.CompareFileWithEditorAction)
2025-12-22 19:29:33,459 [ 130927]   WARN - #c.i.o.a.i.ActionUpdater - 367 ms to grab EDT for GotoRelatedSymbolAction#update (com.intellij.ide.actions.GotoRelatedSymbolAction)
2025-12-22 19:29:37,229 [ 134697]   WARN - #c.i.o.a.i.ActionUpdater - 259 ms to grab EDT for ToolWindowsGroup#update (com.intellij.ide.actions.ToolWindowsGroup)
2025-12-22 19:29:37,230 [ 134698]   WARN - #c.i.o.a.i.ActionUpdater - 258 ms to grab EDT for SearchEverywhereAction#update (com.intellij.ide.actions.SearchEverywhereAction)
2025-12-22 19:29:44,189 [ 141657]   WARN - #c.i.o.a.i.ActionUpdater - 738 ms to grab EDT for GoToWslHomeAction#update (com.intellij.openapi.fileChooser.actions.GoToWslHomeAction)
2025-12-22 19:29:44,560 [ 142028]   WARN - #c.i.o.a.i.ActionUpdater - 298 ms to call on EDT GotoDesktopDirAction#update (com.intellij.openapi.fileChooser.actions.GotoDesktopDirAction). Use `UpdateInBackground`.
2025-12-22 19:30:02,503 [ 159971]   WARN - #c.i.o.a.i.Utils - 1416 ms to update actions for keyboard shortcut
2025-12-22 19:31:00,744 [ 218212]   WARN - #c.i.o.a.i.ActionUpdater - 1941 ms to call on BGT DefaultActionGroup#getChildren (com.intellij.openapi.actionSystem.DefaultActionGroup)
2025-12-22 19:31:01,255 [ 218723]   WARN - #c.i.o.a.i.ActionUpdater - 317 ms to grab EDT for ShowLogAction#update (com.intellij.ide.actions.ShowLogAction)
2025-12-22 19:31:09,272 [ 226740]   WARN - #c.i.o.a.i.ActionUpdater - 5308 ms to call on BGT RunContextAction#update (com.intellij.execution.actions.RunContextAction)
2025-12-22 19:31:09,316 [ 226784]   WARN - #c.i.o.a.i.ActionUpdater - 7771 ms to call on BGT RunContextAction#update (com.intellij.execution.actions.RunContextAction)
2025-12-22 19:31:11,047 [ 228515]   WARN - #c.i.o.a.i.ActionUpdater - 247 ms to call on EDT SelectFileAction#update (com.intellij.ide.projectView.impl.SelectFileAction). Use `UpdateInBackground`.
2025-12-22 19:31:12,755 [ 230223]   WARN - #c.i.o.a.i.ActionUpdater - 526 ms to grab EDT for BaseOpenInBrowserAction#update (com.intellij.ide.browsers.actions.BaseOpenInBrowserAction)
2025-12-22 19:31:27,329 [ 244797]   WARN - #c.i.d.PerformanceWatcherImpl - UI was frozen for 14201ms, details saved to /home/hduser/.cache/JetBrains/PyCharmCE2022.1/log/threadDumps-freeze-20251222-193118-PC-221.5787.24-14sec
2025-12-22 19:31:29,413 [ 246881]   WARN - #c.i.o.a.i.ActionUpdater - 660 ms to grab EDT for BackAction#update (com.intellij.ide.actions.BackAction)
2025-12-22 19:31:30,032 [ 247500]   WARN - #c.i.o.a.i.ActionUpdater - 598 ms to grab EDT for BackAction#update (com.intellij.ide.actions.BackAction)
2025-12-22 19:31:30,510 [ 247978]   WARN - #c.i.o.a.i.ActionUpdater - 475 ms to grab EDT for ForwardAction#update (com.intellij.ide.actions.ForwardAction)
2025-12-22 19:31:53,192 [ 270660]   WARN - #c.i.o.a.i.ActionPopupMenuImpl - Please do not use ActionPlaces.UNKNOWN or the empty place. Any string unique enough to deduce the popup menu location will do.
java.lang.Throwable: popup menu creation trace
	at com.intellij.openapi.actionSystem.impl.ActionPopupMenuImpl.<init>(ActionPopupMenuImpl.java:58)
	at com.intellij.openapi.actionSystem.impl.ActionManagerImpl.createActionPopupMenu(ActionManagerImpl.java:431)
	at com.jetbrains.rdserver.ui.actionPopupMenu.BackendActionManager.createActionPopupMenu(BackendActionManager.kt:31)
	at org.jetbrains.plugins.github.authentication.ui.GHAccountsListModel.addAccount(GHAccountsListModel.kt:30)
	at com.intellij.collaboration.auth.ui.AccountsPanelFactory$create$toolbar$1.run(AccountsPanelFactory.kt:71)
	at com.intellij.collaboration.auth.ui.AccountsPanelFactory$create$toolbar$1.run(AccountsPanelFactory.kt:71)
	at com.intellij.ui.ToolbarDecorator$3.doAdd(ToolbarDecorator.java:531)
	at com.intellij.ui.CommonActionsPanel$AddButton.actionPerformed(CommonActionsPanel.java:315)
	at com.intellij.openapi.actionSystem.impl.ActionButton.actionPerformed(ActionButton.java:182)
	at com.intellij.openapi.actionSystem.impl.ActionButton.lambda$performAction$0(ActionButton.java:158)
	at com.intellij.openapi.actionSystem.ex.ActionUtil.performDumbAwareWithCallbacks(ActionUtil.java:256)
	at com.intellij.openapi.actionSystem.impl.ActionButton.performAction(ActionButton.java:158)
	at com.intellij.openapi.actionSystem.impl.ActionButton.processMouseEvent(ActionButton.java:464)
	at java.desktop/java.awt.Component.processEvent(Component.java:6419)
	at java.desktop/java.awt.Container.processEvent(Container.java:2263)
	at java.desktop/java.awt.Component.dispatchEventImpl(Component.java:5029)
	at java.desktop/java.awt.Container.dispatchEventImpl(Container.java:2321)
	at java.desktop/java.awt.Component.dispatchEvent(Component.java:4861)
	at java.desktop/java.awt.LightweightDispatcher.retargetMouseEvent(Container.java:4918)
	at java.desktop/java.awt.LightweightDispatcher.processMouseEvent(Container.java:4547)
	at java.desktop/java.awt.LightweightDispatcher.dispatchEvent(Container.java:4488)
	at java.desktop/java.awt.Container.dispatchEventImpl(Container.java:2307)
	at java.desktop/java.awt.Window.dispatchEventImpl(Window.java:2793)
	at java.desktop/java.awt.Component.dispatchEvent(Component.java:4861)
	at java.desktop/java.awt.EventQueue.dispatchEventImpl(EventQueue.java:778)
	at java.desktop/java.awt.EventQueue$4.run(EventQueue.java:727)
	at java.desktop/java.awt.EventQueue$4.run(EventQueue.java:721)
	at java.base/java.security.AccessController.doPrivileged(Native Method)
	at java.base/java.security.ProtectionDomain$JavaSecurityAccessImpl.doIntersectionPrivilege(ProtectionDomain.java:85)
	at java.base/java.security.ProtectionDomain$JavaSecurityAccessImpl.doIntersectionPrivilege(ProtectionDomain.java:95)
	at java.desktop/java.awt.EventQueue$5.run(EventQueue.java:751)
	at java.desktop/java.awt.EventQueue$5.run(EventQueue.java:749)
	at java.base/java.security.AccessController.doPrivileged(Native Method)
	at java.base/java.security.ProtectionDomain$JavaSecurityAccessImpl.doIntersectionPrivilege(ProtectionDomain.java:85)
	at java.desktop/java.awt.EventQueue.dispatchEvent(EventQueue.java:748)
	at com.intellij.ide.IdeEventQueue.defaultDispatchEvent(IdeEventQueue.java:898)
	at com.intellij.ide.IdeEventQueue.dispatchMouseEvent(IdeEventQueue.java:820)
	at com.intellij.ide.IdeEventQueue._dispatchEvent(IdeEventQueue.java:743)
	at com.intellij.ide.IdeEventQueue.lambda$dispatchEvent$6(IdeEventQueue.java:439)
	at com.intellij.openapi.progress.impl.CoreProgressManager.computePrioritized(CoreProgressManager.java:803)
	at com.intellij.ide.IdeEventQueue.lambda$dispatchEvent$7(IdeEventQueue.java:438)
	at com.intellij.openapi.application.TransactionGuardImpl.performActivity(TransactionGuardImpl.java:106)
	at com.intellij.ide.IdeEventQueue.performActivity(IdeEventQueue.java:604)
	at com.intellij.ide.IdeEventQueue.lambda$dispatchEvent$8(IdeEventQueue.java:436)
	at com.intellij.openapi.application.impl.ApplicationImpl.runIntendedWriteActionOnCurrentThread(ApplicationImpl.java:873)
	at com.intellij.ide.IdeEventQueue.dispatchEvent(IdeEventQueue.java:484)
	at java.desktop/java.awt.EventDispatchThread.pumpOneEventForFilters(EventDispatchThread.java:207)
	at java.desktop/java.awt.EventDispatchThread.pumpEventsForFilter(EventDispatchThread.java:128)
	at java.desktop/java.awt.EventDispatchThread.pumpEventsForFilter(EventDispatchThread.java:121)
	at java.desktop/java.awt.WaitDispatchSupport$2.run(WaitDispatchSupport.java:190)
	at java.desktop/java.awt.WaitDispatchSupport$4.run(WaitDispatchSupport.java:235)
	at java.desktop/java.awt.WaitDispatchSupport$4.run(WaitDispatchSupport.java:233)
	at java.base/java.security.AccessController.doPrivileged(Native Method)
	at java.desktop/java.awt.WaitDispatchSupport.enter(WaitDispatchSupport.java:233)
	at java.desktop/java.awt.Dialog.show(Dialog.java:1070)
	at com.intellij.openapi.ui.impl.DialogWrapperPeerImpl$MyDialog.show(DialogWrapperPeerImpl.java:702)
	at com.intellij.openapi.ui.impl.DialogWrapperPeerImpl.show(DialogWrapperPeerImpl.java:439)
	at com.intellij.openapi.ui.DialogWrapper.doShow(DialogWrapper.java:1668)
	at com.intellij.openapi.ui.DialogWrapper.show(DialogWrapper.java:1626)
	at com.intellij.ide.actions.ShowSettingsUtilImpl.showSettingsDialog(ShowSettingsUtilImpl.java:141)
	at git4idea.config.ErrorNotifier$FixOption$Configure$1.invoke(GitExecutableProblemHandlers.kt:77)
	at git4idea.config.ErrorNotifier$FixOption$Configure$1.invoke(GitExecutableProblemHandlers.kt:76)
	at git4idea.config.NotificationErrorNotifier$showError$1.run(NotificationErrorNotifier.kt:23)
	at com.intellij.notification.NotificationAction.lambda$createSimpleExpiring$2(NotificationAction.java:62)
	at com.intellij.notification.NotificationAction$Simple.actionPerformed(NotificationAction.java:96)
	at com.intellij.notification.NotificationAction.actionPerformed(NotificationAction.java:33)
	at com.intellij.openapi.actionSystem.ex.ActionUtil.lambda$performActionDumbAwareWithCallbacks$4(ActionUtil.java:235)
	at com.intellij.openapi.actionSystem.ex.ActionUtil.performDumbAwareWithCallbacks(ActionUtil.java:256)
	at com.intellij.openapi.actionSystem.ex.ActionUtil.performActionDumbAwareWithCallbacks(ActionUtil.java:235)
	at com.intellij.openapi.fileEditor.impl.IdeUiServiceImpl.performActionDumbAwareWithCallbacks(IdeUiServiceImpl.java:100)
	at com.intellij.notification.Notification.fire(Notification.java:261)
	at com.intellij.notification.impl.NotificationsManagerImpl.lambda$createAction$11(NotificationsManagerImpl.java:830)
	at com.intellij.ui.components.labels.LinkLabel.doClick(LinkLabel.java:174)
	at com.intellij.ui.components.labels.LinkLabel.doClick(LinkLabel.java:388)
	at com.intellij.ui.components.labels.LinkLabel$MyMouseHandler.mouseReleased(LinkLabel.java:361)
	at java.desktop/java.awt.Component.processMouseEvent(Component.java:6654)
	at java.desktop/javax.swing.JComponent.processMouseEvent(JComponent.java:3345)
	at java.desktop/java.awt.Component.processEvent(Component.java:6419)
	at java.desktop/java.awt.Container.processEvent(Container.java:2263)
	at java.desktop/java.awt.Component.dispatchEventImpl(Component.java:5029)
	at java.desktop/java.awt.Container.dispatchEventImpl(Container.java:2321)
	at java.desktop/java.awt.Component.dispatchEvent(Component.java:4861)
	at java.desktop/java.awt.LightweightDispatcher.retargetMouseEvent(Container.java:4918)
	at java.desktop/java.awt.LightweightDispatcher.processMouseEvent(Container.java:4547)
	at java.desktop/java.awt.LightweightDispatcher.dispatchEvent(Container.java:4488)
	at java.desktop/java.awt.Container.dispatchEventImpl(Container.java:2307)
	at java.desktop/java.awt.Window.dispatchEventImpl(Window.java:2793)
	at java.desktop/java.awt.Component.dispatchEvent(Component.java:4861)
	at java.desktop/java.awt.EventQueue.dispatchEventImpl(EventQueue.java:778)
	at java.desktop/java.awt.EventQueue$4.run(EventQueue.java:727)
	at java.desktop/java.awt.EventQueue$4.run(EventQueue.java:721)
	at java.base/java.security.AccessController.doPrivileged(Native Method)
	at java.base/java.security.ProtectionDomain$JavaSecurityAccessImpl.doIntersectionPrivilege(ProtectionDomain.java:85)
	at java.base/java.security.ProtectionDomain$JavaSecurityAccessImpl.doIntersectionPrivilege(ProtectionDomain.java:95)
	at java.desktop/java.awt.EventQueue$5.run(EventQueue.java:751)
	at java.desktop/java.awt.EventQueue$5.run(EventQueue.java:749)
	at java.base/java.security.AccessController.doPrivileged(Native Method)
	at java.base/java.security.ProtectionDomain$JavaSecurityAccessImpl.doIntersectionPrivilege(ProtectionDomain.java:85)
	at java.desktop/java.awt.EventQueue.dispatchEvent(EventQueue.java:748)
	at com.intellij.ide.IdeEventQueue.defaultDispatchEvent(IdeEventQueue.java:898)
	at com.intellij.ide.IdeEventQueue.dispatchMouseEvent(IdeEventQueue.java:820)
	at com.intellij.ide.IdeEventQueue._dispatchEvent(IdeEventQueue.java:743)
	at com.intellij.ide.IdeEventQueue.lambda$dispatchEvent$6(IdeEventQueue.java:439)
	at com.intellij.openapi.progress.impl.CoreProgressManager.computePrioritized(CoreProgressManager.java:803)
	at com.intellij.ide.IdeEventQueue.lambda$dispatchEvent$7(IdeEventQueue.java:438)
	at com.intellij.openapi.application.TransactionGuardImpl.performActivity(TransactionGuardImpl.java:119)
	at com.intellij.ide.IdeEventQueue.performActivity(IdeEventQueue.java:604)
	at com.intellij.ide.IdeEventQueue.lambda$dispatchEvent$8(IdeEventQueue.java:436)
	at com.intellij.openapi.application.impl.ApplicationImpl.runIntendedWriteActionOnCurrentThread(ApplicationImpl.java:873)
	at com.intellij.ide.IdeEventQueue.dispatchEvent(IdeEventQueue.java:484)
	at java.desktop/java.awt.EventDispatchThread.pumpOneEventForFilters(EventDispatchThread.java:207)
	at java.desktop/java.awt.EventDispatchThread.pumpEventsForFilter(EventDispatchThread.java:128)
	at java.desktop/java.awt.EventDispatchThread.pumpEventsForHierarchy(EventDispatchThread.java:117)
	at java.desktop/java.awt.EventDispatchThread.pumpEvents(EventDispatchThread.java:113)
	at java.desktop/java.awt.EventDispatchThread.pumpEvents(EventDispatchThread.java:105)
	at java.desktop/java.awt.EventDispatchThread.run(EventDispatchThread.java:92)
2025-12-22 19:35:24,397 [ 481865]   WARN - #c.i.o.a.i.ActionPopupMenuImpl - Please do not use ActionPlaces.UNKNOWN or the empty place. Any string unique enough to deduce the popup menu location will do.
java.lang.Throwable: popup menu creation trace
	at com.intellij.openapi.actionSystem.impl.ActionPopupMenuImpl.<init>(ActionPopupMenuImpl.java:58)
	at com.intellij.openapi.actionSystem.impl.ActionManagerImpl.createActionPopupMenu(ActionManagerImpl.java:431)
	at com.jetbrains.rdserver.ui.actionPopupMenu.BackendActionManager.createActionPopupMenu(BackendActionManager.kt:31)
	at org.jetbrains.plugins.github.authentication.ui.GHAccountsListModel.addAccount(GHAccountsListModel.kt:30)
	at com.intellij.collaboration.auth.ui.AccountsPanelFactory$create$$inlined$apply$lambda$1.actionPerformed(AccountsPanelFactory.kt:58)
	at com.intellij.util.ui.StatusText$1.onClick(StatusText.java:79)
	at com.intellij.ui.ClickListener$1.mouseReleased(ClickListener.java:59)
	at java.desktop/java.awt.AWTEventMulticaster.mouseReleased(AWTEventMulticaster.java:298)
	at java.desktop/java.awt.AWTEventMulticaster.mouseReleased(AWTEventMulticaster.java:297)
	at java.desktop/java.awt.Component.processMouseEvent(Component.java:6654)
	at java.desktop/javax.swing.JComponent.processMouseEvent(JComponent.java:3345)
	at java.desktop/java.awt.Component.processEvent(Component.java:6419)
	at java.desktop/java.awt.Container.processEvent(Container.java:2263)
	at java.desktop/java.awt.Component.dispatchEventImpl(Component.java:5029)
	at java.desktop/java.awt.Container.dispatchEventImpl(Container.java:2321)
	at java.desktop/java.awt.Component.dispatchEvent(Component.java:4861)
	at java.desktop/java.awt.LightweightDispatcher.retargetMouseEvent(Container.java:4918)
	at java.desktop/java.awt.LightweightDispatcher.processMouseEvent(Container.java:4547)
	at java.desktop/java.awt.LightweightDispatcher.dispatchEvent(Container.java:4488)
	at java.desktop/java.awt.Container.dispatchEventImpl(Container.java:2307)
	at java.desktop/java.awt.Window.dispatchEventImpl(Window.java:2793)
	at java.desktop/java.awt.Component.dispatchEvent(Component.java:4861)
	at java.desktop/java.awt.EventQueue.dispatchEventImpl(EventQueue.java:778)
	at java.desktop/java.awt.EventQueue$4.run(EventQueue.java:727)
	at java.desktop/java.awt.EventQueue$4.run(EventQueue.java:721)
	at java.base/java.security.AccessController.doPrivileged(Native Method)
	at java.base/java.security.ProtectionDomain$JavaSecurityAccessImpl.doIntersectionPrivilege(ProtectionDomain.java:85)
	at java.base/java.security.ProtectionDomain$JavaSecurityAccessImpl.doIntersectionPrivilege(ProtectionDomain.java:95)
	at java.desktop/java.awt.EventQueue$5.run(EventQueue.java:751)
	at java.desktop/java.awt.EventQueue$5.run(EventQueue.java:749)
	at java.base/java.security.AccessController.doPrivileged(Native Method)
	at java.base/java.security.ProtectionDomain$JavaSecurityAccessImpl.doIntersectionPrivilege(ProtectionDomain.java:85)
	at java.desktop/java.awt.EventQueue.dispatchEvent(EventQueue.java:748)
	at com.intellij.ide.IdeEventQueue.defaultDispatchEvent(IdeEventQueue.java:898)
	at com.intellij.ide.IdeEventQueue.dispatchMouseEvent(IdeEventQueue.java:820)
	at com.intellij.ide.IdeEventQueue._dispatchEvent(IdeEventQueue.java:743)
	at com.intellij.ide.IdeEventQueue.lambda$dispatchEvent$6(IdeEventQueue.java:439)
	at com.intellij.openapi.progress.impl.CoreProgressManager.computePrioritized(CoreProgressManager.java:803)
	at com.intellij.ide.IdeEventQueue.lambda$dispatchEvent$7(IdeEventQueue.java:438)
	at com.intellij.openapi.application.TransactionGuardImpl.performActivity(TransactionGuardImpl.java:106)
	at com.intellij.ide.IdeEventQueue.performActivity(IdeEventQueue.java:604)
	at com.intellij.ide.IdeEventQueue.lambda$dispatchEvent$8(IdeEventQueue.java:436)
	at com.intellij.openapi.application.impl.ApplicationImpl.runIntendedWriteActionOnCurrentThread(ApplicationImpl.java:873)
	at com.intellij.ide.IdeEventQueue.dispatchEvent(IdeEventQueue.java:484)
	at java.desktop/java.awt.EventDispatchThread.pumpOneEventForFilters(EventDispatchThread.java:207)
	at java.desktop/java.awt.EventDispatchThread.pumpEventsForFilter(EventDispatchThread.java:128)
	at java.desktop/java.awt.EventDispatchThread.pumpEventsForFilter(EventDispatchThread.java:121)
	at java.desktop/java.awt.WaitDispatchSupport$2.run(WaitDispatchSupport.java:190)
	at java.desktop/java.awt.WaitDispatchSupport$4.run(WaitDispatchSupport.java:235)
	at java.desktop/java.awt.WaitDispatchSupport$4.run(WaitDispatchSupport.java:233)
	at java.base/java.security.AccessController.doPrivileged(Native Method)
	at java.desktop/java.awt.WaitDispatchSupport.enter(WaitDispatchSupport.java:233)
	at java.desktop/java.awt.Dialog.show(Dialog.java:1070)
	at com.intellij.openapi.ui.impl.DialogWrapperPeerImpl$MyDialog.show(DialogWrapperPeerImpl.java:702)
	at com.intellij.openapi.ui.impl.DialogWrapperPeerImpl.show(DialogWrapperPeerImpl.java:439)
	at com.intellij.openapi.ui.DialogWrapper.doShow(DialogWrapper.java:1668)
	at com.intellij.openapi.ui.DialogWrapper.show(DialogWrapper.java:1626)
	at com.intellij.ide.actions.ShowSettingsUtilImpl.showSettingsDialog(ShowSettingsUtilImpl.java:141)
	at git4idea.config.ErrorNotifier$FixOption$Configure$1.invoke(GitExecutableProblemHandlers.kt:77)
	at git4idea.config.ErrorNotifier$FixOption$Configure$1.invoke(GitExecutableProblemHandlers.kt:76)
	at git4idea.config.NotificationErrorNotifier$showError$1.run(NotificationErrorNotifier.kt:23)
	at com.intellij.notification.NotificationAction.lambda$createSimpleExpiring$2(NotificationAction.java:62)
	at com.intellij.notification.NotificationAction$Simple.actionPerformed(NotificationAction.java:96)
	at com.intellij.notification.NotificationAction.actionPerformed(NotificationAction.java:33)
	at com.intellij.openapi.actionSystem.ex.ActionUtil.lambda$performActionDumbAwareWithCallbacks$4(ActionUtil.java:235)
	at com.intellij.openapi.actionSystem.ex.ActionUtil.performDumbAwareWithCallbacks(ActionUtil.java:256)
	at com.intellij.openapi.actionSystem.ex.ActionUtil.performActionDumbAwareWithCallbacks(ActionUtil.java:235)
	at com.intellij.openapi.fileEditor.impl.IdeUiServiceImpl.performActionDumbAwareWithCallbacks(IdeUiServiceImpl.java:100)
	at com.intellij.notification.Notification.fire(Notification.java:261)
	at com.intellij.notification.impl.NotificationsManagerImpl.lambda$createAction$11(NotificationsManagerImpl.java:830)
	at com.intellij.ui.components.labels.LinkLabel.doClick(LinkLabel.java:174)
	at com.intellij.ui.components.labels.LinkLabel.doClick(LinkLabel.java:388)
	at com.intellij.ui.components.labels.LinkLabel$MyMouseHandler.mouseReleased(LinkLabel.java:361)
	at java.desktop/java.awt.Component.processMouseEvent(Component.java:6654)
	at java.desktop/javax.swing.JComponent.processMouseEvent(JComponent.java:3345)
	at java.desktop/java.awt.Component.processEvent(Component.java:6419)
	at java.desktop/java.awt.Container.processEvent(Container.java:2263)
	at java.desktop/java.awt.Component.dispatchEventImpl(Component.java:5029)
	at java.desktop/java.awt.Container.dispatchEventImpl(Container.java:2321)
	at java.desktop/java.awt.Component.dispatchEvent(Component.java:4861)
	at java.desktop/java.awt.LightweightDispatcher.retargetMouseEvent(Container.java:4918)
	at java.desktop/java.awt.LightweightDispatcher.processMouseEvent(Container.java:4547)
	at java.desktop/java.awt.LightweightDispatcher.dispatchEvent(Container.java:4488)
	at java.desktop/java.awt.Container.dispatchEventImpl(Container.java:2307)
	at java.desktop/java.awt.Window.dispatchEventImpl(Window.java:2793)
	at java.desktop/java.awt.Component.dispatchEvent(Component.java:4861)
	at java.desktop/java.awt.EventQueue.dispatchEventImpl(EventQueue.java:778)
	at java.desktop/java.awt.EventQueue$4.run(EventQueue.java:727)
	at java.desktop/java.awt.EventQueue$4.run(EventQueue.java:721)
	at java.base/java.security.AccessController.doPrivileged(Native Method)
	at java.base/java.security.ProtectionDomain$JavaSecurityAccessImpl.doIntersectionPrivilege(ProtectionDomain.java:85)
	at java.base/java.security.ProtectionDomain$JavaSecurityAccessImpl.doIntersectionPrivilege(ProtectionDomain.java:95)
	at java.desktop/java.awt.EventQueue$5.run(EventQueue.java:751)
	at java.desktop/java.awt.EventQueue$5.run(EventQueue.java:749)
	at java.base/java.security.AccessController.doPrivileged(Native Method)
	at java.base/java.security.ProtectionDomain$JavaSecurityAccessImpl.doIntersectionPrivilege(ProtectionDomain.java:85)
	at java.desktop/java.awt.EventQueue.dispatchEvent(EventQueue.java:748)
	at com.intellij.ide.IdeEventQueue.defaultDispatchEvent(IdeEventQueue.java:898)
	at com.intellij.ide.IdeEventQueue.dispatchMouseEvent(IdeEventQueue.java:820)
	at com.intellij.ide.IdeEventQueue._dispatchEvent(IdeEventQueue.java:743)
	at com.intellij.ide.IdeEventQueue.lambda$dispatchEvent$6(IdeEventQueue.java:439)
	at com.intellij.openapi.progress.impl.CoreProgressManager.computePrioritized(CoreProgressManager.java:803)
	at com.intellij.ide.IdeEventQueue.lambda$dispatchEvent$7(IdeEventQueue.java:438)
	at com.intellij.openapi.application.TransactionGuardImpl.performActivity(TransactionGuardImpl.java:119)
	at com.intellij.ide.IdeEventQueue.performActivity(IdeEventQueue.java:604)
	at com.intellij.ide.IdeEventQueue.lambda$dispatchEvent$8(IdeEventQueue.java:436)
	at com.intellij.openapi.application.impl.ApplicationImpl.runIntendedWriteActionOnCurrentThread(ApplicationImpl.java:873)
	at com.intellij.ide.IdeEventQueue.dispatchEvent(IdeEventQueue.java:484)
	at java.desktop/java.awt.EventDispatchThread.pumpOneEventForFilters(EventDispatchThread.java:207)
	at java.desktop/java.awt.EventDispatchThread.pumpEventsForFilter(EventDispatchThread.java:128)
	at java.desktop/java.awt.EventDispatchThread.pumpEventsForHierarchy(EventDispatchThread.java:117)
	at java.desktop/java.awt.EventDispatchThread.pumpEvents(EventDispatchThread.java:113)
	at java.desktop/java.awt.EventDispatchThread.pumpEvents(EventDispatchThread.java:105)
	at java.desktop/java.awt.EventDispatchThread.run(EventDispatchThread.java:92)
2025-12-22 19:40:17,085 [ 774553]   WARN - #c.i.o.a.i.ActionUpdater - 114 ms to call on EDT JsonCopyPointerAction#update (com.intellij.json.editor.JsonCopyPointerAction). Use `UpdateInBackground`.
2025-12-22 19:40:19,986 [ 777454]   WARN - #c.i.o.a.i.ActionUpdater - 1433 ms to call on EDT CreateFromTemplateGroup#update (com.intellij.ide.fileTemplates.actions.CreateFromTemplateGroup). Use `UpdateInBackground`.
2025-12-22 19:41:10,759 [ 828227]   WARN - #c.i.o.a.i.ActionUpdater - 227 ms to grab EDT for ShowPreviewToggleAction#update (com.intellij.ide.bookmark.actions.ShowPreviewToggleAction)
2025-12-22 19:41:28,825 [ 846293]   WARN - #c.i.o.a.i.ActionUpdater - 795 ms to grab EDT for TabListAction#update (com.intellij.ide.actions.TabListAction)
2025-12-22 19:41:34,166 [ 851634]   WARN - #c.i.o.a.i.ActionUpdater - 240 ms to grab EDT for CloseAllEditorsAction#update (com.intellij.ide.actions.CloseAllEditorsAction)
2025-12-22 19:41:35,182 [ 852650]   WARN - #c.i.o.a.i.ActionPopupMenuImpl - 1793 ms to fill popup menu EditorTabPopup
2025-12-22 19:41:54,711 [ 872179]   WARN - #c.i.o.a.i.ActionUpdater - 449 ms to grab EDT for #update (com.intellij.codeInsight.actions.ReaderModeActionProvider$createAction$1)
2025-12-22 19:41:54,711 [ 872179]   WARN - #c.i.o.a.i.ActionUpdater - 312 ms to grab EDT for TabListAction#update (com.intellij.ide.actions.TabListAction)
2025-12-22 19:42:04,853 [ 882321]   WARN - #c.i.o.a.i.ActionUpdater - 257 ms to call on EDT CWMHostShowPopupAction#update (com.jetbrains.rdserver.toolbar.CWMHostShowPopupAction). Use `UpdateInBackground`.
2025-12-22 19:42:05,218 [ 882686]   WARN - #c.i.o.a.i.ActionUpdater - 348 ms to grab EDT for StopAction#update (com.intellij.execution.actions.StopAction)
2025-12-22 19:42:05,219 [ 882687]   WARN - #c.i.o.a.i.ActionUpdater - 302 ms to grab EDT for StatusAction#update (com.intellij.openapi.editor.impl.EditorMarkupModelImpl$StatusAction)
2025-12-22 19:42:23,795 [ 901263]   WARN - #c.i.o.a.i.ActionUpdater - 213 ms to grab EDT for IntelliSortChooserToggleAction#update (com.intellij.vcs.log.ui.actions.IntelliSortChooserToggleAction)
2025-12-22 19:42:24,157 [ 901625]   WARN - #c.i.o.a.i.ActionUpdater - 263 ms to grab EDT for ShowOnlyAffectedChangesAction#update (com.intellij.vcs.log.ui.actions.ShowOnlyAffectedChangesAction)
2025-12-22 19:43:33,111 [ 970579]   WARN - #c.i.o.a.i.ActionUpdater - 482 ms to grab EDT for TabListAction#update (com.intellij.ide.actions.TabListAction)
2025-12-22 19:43:33,112 [ 970580]   WARN - #c.i.o.a.i.ActionUpdater - 481 ms to grab EDT for TabListAction#update (com.intellij.ide.actions.TabListAction)
2025-12-22 19:43:34,899 [ 972367]   WARN - #c.i.o.a.i.ActionUpdater - 980 ms to grab EDT for ShowRecentFilesAction#update (com.intellij.ide.actions.ShowRecentFilesAction)
2025-12-22 19:44:11,099 [1008567]   WARN - #c.i.o.a.i.ActionUpdater - 286 ms to grab EDT for TabListAction#update (com.intellij.ide.actions.TabListAction)
2025-12-22 19:44:37,628 [1035096]   WARN - #c.i.o.a.i.ActionUpdater - 245 ms to grab EDT for TabListAction#update (com.intellij.ide.actions.TabListAction)
2025-12-22 19:44:37,629 [1035097]   WARN - #c.i.o.a.i.ActionUpdater - 238 ms to grab EDT for TabListAction#update (com.intellij.ide.actions.TabListAction)
2025-12-22 19:45:34,219 [1091687]   WARN - #c.i.o.a.i.ActionUpdater - 498 ms to grab EDT for ShowOnlyAffectedChangesAction#update (com.intellij.vcs.log.ui.actions.ShowOnlyAffectedChangesAction)
2025-12-22 19:48:12,508 [1249976]   WARN - #c.i.o.a.i.ActionUpdater - 466 ms to grab EDT for #update (com.intellij.toolWindow.ToolWindowHeader$1)
2025-12-22 19:48:12,509 [1249977]   WARN - #c.i.o.a.i.ActionUpdater - 478 ms to grab EDT for #update (com.intellij.toolWindow.ToolWindowHeader$1)
2025-12-22 20:22:23,325 [3300793]   WARN - #c.i.o.a.i.ActionUpdater - 261 ms to call on EDT PsiViewerAction#update (com.intellij.internal.psiView.PsiViewerAction). Use `UpdateInBackground`.
2025-12-22 20:22:29,308 [3306776]   WARN - #c.i.o.a.i.ActionUpdater - 135 ms to call on EDT ApplyPatchFromClipboardAction#update (com.intellij.openapi.vcs.changes.patch.ApplyPatchFromClipboardAction). Use `UpdateInBackground`.
2025-12-22 20:23:25,867 [3363335]   WARN - #c.i.d.PerformanceWatcherImpl - UI was frozen for 6710ms, details saved to /home/hduser/.cache/JetBrains/PyCharmCE2022.1/log/threadDumps-freeze-20251222-202325-PC-221.5787.24-6sec
2025-12-22 20:23:26,961 [3364429]   WARN - #c.i.o.a.i.ActionUpdater - 867 ms to grab EDT for TabListAction#update (com.intellij.ide.actions.TabListAction)
